
> dbx-rocketmq-console@0.1.0 build
> npm --prefix frontend run build && node scripts/inline-ui.mjs


> dbx-rocketmq-console-ui@0.1.0 build
> cross-env BUILD_PATH=../ui GENERATE_SOURCEMAP=false INLINE_RUNTIME_CHUNK=false react-scripts build

Creating an optimized production build...
Browserslist: browsers data (caniuse-lite) is 16 months old. Please run:
  npx update-browserslist-db@latest
  Why you should do it regularly: https://github.com/browserslist/update-db#readme
Browserslist: browsers data (caniuse-lite) is 16 months old. Please run:
  npx update-browserslist-db@latest
  Why you should do it regularly: https://github.com/browserslist/update-db#readme
Compiled with warnings.

[eslint] 
src\components\DlqMessageDetailViewDialog.jsx
  Line 26:12:  't' is assigned a value but never used  no-unused-vars

src\components\MessageTraceDetailViewDialog.jsx
  Line 45:11:  'messageTraceViews' is assigned a value but never used                                                                                        no-unused-vars
  Line 323:8:  React Hook useEffect has missing dependencies: 'producerNode' and 'subscriptionNodeList'. Either include them or remove the dependency array  react-hooks/exhaustive-deps

src\components\Navbar.jsx
  Line 31:12:  'lang' is assigned a value but never used  no-unused-vars

src\components\consumer\ClientInfoModal.jsx
  Line 48:8:  React Hook useEffect has a missing dependency: 'messageApi'. Either include it or remove the dependency array  react-hooks/exhaustive-deps

src\components\consumer\ConsumerDetailModal.jsx
  Line 24:12:  't' is assigned a value but never used                                                                         no-unused-vars
  Line 48:8:   React Hook useEffect has a missing dependency: 'messageApi'. Either include it or remove the dependency array  react-hooks/exhaustive-deps

src\pages\Acl\acl.jsx
  Line 34:12:   'searchText' is assigned a value but never used                                                                                                                                          no-unused-vars
  Line 34:24:   'setSearchText' is assigned a value but never used                                                                                                                                       no-unused-vars
  Line 120:8:   React Hook useEffect has missing dependencies: 'brokerAddress', 'clusterData', 'fetchAcls', 'fetchUsers', and 'updateBrokerOptions'. Either include them or remove the dependency array  react-hooks/exhaustive-deps
  Line 124:28:  Expected '===' and instead saw '=='                                                                                                                                                      eqeqeq

src\pages\Cluster\cluster.jsx
  Line 40:12:  'currentBrokerAddress' is assigned a value but never used                                                                                   no-unused-vars
  Line 84:8:   React Hook useEffect has missing dependencies: 'api' and 't.QUERY_CLUSTER_LIST_FAILED'. Either include them or remove the dependency array  react-hooks/exhaustive-deps

src\pages\Consumer\consumer.jsx
  Line 33:24:   'setRmqVersion' is assigned a value but never used                                                                                                                                                                                                                                                                                                                        no-unused-vars
  Line 35:35:   'setIntervalProcessSwitch' is assigned a value but never used                                                                                                                                                                                                                                                                                                             no-unused-vars
  Line 90:8:    React Hook useCallback has a missing dependency: 'filterList'. Either include it or remove the dependency array. Outer scope values like 'remoteApi' aren't valid dependencies because mutating them doesn't re-render the component                                                                                                                                      react-hooks/exhaustive-deps
  Line 130:8:   React Hook useCallback has a missing dependency: 'filterByType'. Either include it or remove the dependency array                                                                                                                                                                                                                                                         react-hooks/exhaustive-deps
  Line 133:11:  'doSort' is assigned a value but never used                                                                                                                                                                                                                                                                                                                               no-unused-vars
  Line 163:8:   React Hook useCallback has missing dependencies: 'filterList' and 'paginationConf'. Either include them or remove the dependency array. Mutable values like 'paginationConf.current' aren't valid dependencies because mutating them doesn't re-render the component                                                                                                      react-hooks/exhaustive-deps
  Line 169:39:  'currentProxyAddr' is assigned a value but never used                                                                                                                                                                                                                                                                                                                     no-unused-vars
  Line 188:8:   React Hook useCallback has a missing dependency: 'notificationApi'. Either include it or remove the dependency array                                                                                                                                                                                                                                                      react-hooks/exhaustive-deps
  Line 195:8:   React Hook useEffect has a missing dependency: 'fetchProxyList'. Either include it or remove the dependency array                                                                                                                                                                                                                                                         react-hooks/exhaustive-deps
  Line 212:28:  Expected '===' and instead saw '=='                                                                                                                                                                                                                                                                                                                                       eqeqeq
  Line 221:8:   React Hook useEffect has a missing dependency: 'paginationConf'. Either include it or remove the dependency array. Mutable values like 'paginationConf.current' aren't valid dependencies because mutating them doesn't re-render the component                                                                                                                           react-hooks/exhaustive-deps
  Line 311:20:  The href attribute is required for an anchor to be keyboard accessible. Provide a valid, navigable address as the href value. If you cannot provide an href, but still need the element to resemble a link, use a button and change it with appropriate styles. Learn more: https://github.com/jsx-eslint/eslint-plugin-jsx-a11y/blob/HEAD/docs/rules/anchor-is-valid.md  jsx-a11y/anchor-is-valid
  Line 325:20:  The href attribute is required for an anchor to be keyboard accessible. Provide a valid, navigable address as the href value. If you cannot provide an href, but still need the element to resemble a link, use a button and change it with appropriate styles. Learn more: https://github.com/jsx-eslint/eslint-plugin-jsx-a11y/blob/HEAD/docs/rules/anchor-is-valid.md  jsx-a11y/anchor-is-valid
  Line 349:20:  The href attribute is required for an anchor to be keyboard accessible. Provide a valid, navigable address as the href value. If you cannot provide an href, but still need the element to resemble a link, use a button and change it with appropriate styles. Learn more: https://github.com/jsx-eslint/eslint-plugin-jsx-a11y/blob/HEAD/docs/rules/anchor-is-valid.md  jsx-a11y/anchor-is-valid
  Line 355:20:  The href attribute is required for an anchor to be keyboard accessible. Provide a valid, navigable address as the href value. If you cannot provide an href, but still need the element to resemble a link, use a button and change it with appropriate styles. Learn more: https://github.com/jsx-eslint/eslint-plugin-jsx-a11y/blob/HEAD/docs/rules/anchor-is-valid.md  jsx-a11y/anchor-is-valid

src\pages\Dashboard\DashboardPage.jsx
  Line 127:8:  React Hook useCallback has a missing dependency: 'messageApi'. Either include it or remove the dependency array       react-hooks/exhaustive-deps
  Line 194:8:  React Hook useCallback has a missing dependency: 'notificationApi'. Either include it or remove the dependency array  react-hooks/exhaustive-deps
  Line 235:8:  React Hook useEffect has a missing dependency: 'notificationApi'. Either include it or remove the dependency array    react-hooks/exhaustive-deps
  Line 286:8:  React Hook useEffect has a missing dependency: 'notificationApi'. Either include it or remove the dependency array    react-hooks/exhaustive-deps

src\pages\DlqMessage\dlqmessage.jsx
  Line 41:8:   'Text' is assigned a value but never used                                                                                                                                                                                                                                               no-unused-vars
  Line 41:14:  'Paragraph' is assigned a value but never used                                                                                                                                                                                                                                          no-unused-vars
  Line 91:8:   React Hook useEffect has a missing dependency: 'notificationApi'. Either include it or remove the dependency array                                                                                                                                                                      react-hooks/exhaustive-deps
  Line 171:8:  React Hook useCallback has missing dependencies: 'notificationApi' and 'paginationConf'. Either include them or remove the dependency array. Mutable values like 'paginationConf.current' aren't valid dependencies because mutating them doesn't re-render the component               react-hooks/exhaustive-deps
  Line 207:8:  React Hook useCallback has a missing dependency: 'notificationApi'. Either include it or remove the dependency array                                                                                                                                                                    react-hooks/exhaustive-deps
  Line 242:8:  React Hook useCallback has missing dependencies: 'modalApi' and 'notificationApi'. Either include them or remove the dependency array                                                                                                                                                   react-hooks/exhaustive-deps
  Line 281:8:  React Hook useCallback has missing dependencies: 'modalApi', 'notificationApi', and 'paginationConf'. Either include them or remove the dependency array. Mutable values like 'paginationConf.current' aren't valid dependencies because mutating them doesn't re-render the component  react-hooks/exhaustive-deps
  Line 309:8:  React Hook useCallback has a missing dependency: 'notificationApi'. Either include it or remove the dependency array                                                                                                                                                                    react-hooks/exhaustive-deps
  Line 359:8:  React Hook useCallback has missing dependencies: 'modalApi', 'notificationApi', and 'paginationConf'. Either include them or remove the dependency array. Mutable values like 'paginationConf.current' aren't valid dependencies because mutating them doesn't re-render the component  react-hooks/exhaustive-deps
  Line 403:8:  React Hook useCallback has missing dependencies: 'notificationApi' and 'paginationConf'. Either include them or remove the dependency array. Mutable values like 'paginationConf.current' aren't valid dependencies because mutating them doesn't re-render the component               react-hooks/exhaustive-deps

src\pages\MessageTrace\messagetrace.jsx
  Line 28:14:  'Paragraph' is assigned a value but never used                                                                      no-unused-vars
  Line 92:8:   React Hook useEffect has a missing dependency: 'notificationApi'. Either include it or remove the dependency array  react-hooks/exhaustive-deps

src\pages\Message\message.jsx
  Line 28:14:  'Paragraph' is assigned a value but never used                                                                        no-unused-vars
  Line 82:8:   React Hook useCallback has a missing dependency: 'notificationApi'. Either include it or remove the dependency array  react-hooks/exhaustive-deps

src\pages\Producer\producer.jsx
  Line 52:8:  React Hook useEffect has a missing dependency: 'messageApi'. Either include it or remove the dependency array  react-hooks/exhaustive-deps

src\pages\Topic\topic.jsx
  Line 44:24:   'setRmqVersion' is assigned a value but never used                                                               no-unused-vars
  Line 80:12:   'selectedConsumerGroups' is assigned a value but never used                                                      no-unused-vars
  Line 81:12:   'resetOffsetTime' is assigned a value but never used                                                             no-unused-vars
  Line 95:8:    React Hook useEffect has a missing dependency: 'getTopicList'. Either include it or remove the dependency array  react-hooks/exhaustive-deps
  Line 106:28:  Expected '===' and instead saw '=='                                                                              eqeqeq

Search for the keywords to learn more about each warning.
To ignore, add // eslint-disable-next-line to the line before.

File sizes after gzip:

  838.49 kB (+266 B)  ui\static\js\main.4995bb5b.js
  2.81 kB             ui\static\css\main.7ec051f4.css
  1.75 kB             ui\static\js\206.cfbdab77.chunk.js

The bundle size is significantly larger than recommended.
Consider reducing it with code splitting: https://goo.gl/9VhYWB
You can also analyze the project dependencies: https://goo.gl/LeUzfb

The project was built assuming it is hosted at ./.
You can control this with the homepage field in your package.json.

The ..\ui folder is ready to be deployed.

Find out more about deployment here:

  https://cra.link/deployment

DBX iframe bundle: 2709239 bytes
