=== RUN   TestDashboardAllowlistAndReadOnly
--- PASS: TestDashboardAllowlistAndReadOnly (0.00s)
=== RUN   TestDashboardPartialFailureIsNotSuccess
--- PASS: TestDashboardPartialFailureIsNotSuccess (0.00s)
=== RUN   TestDashboardDownloadIsolationAndClose
--- PASS: TestDashboardDownloadIsolationAndClose (0.01s)
=== RUN   TestDashboardStagedExport
--- PASS: TestDashboardStagedExport (0.03s)
=== RUN   TestDashboardHistoryAndMonitorIsolation
--- PASS: TestDashboardHistoryAndMonitorIsolation (0.04s)
=== RUN   TestDashboardIntegration
    dashboard_integration_test.go:48: PASS /cluster/list.query
    dashboard_integration_test.go:56: PASS /cluster/brokerConfig.query
    dashboard_integration_test.go:63: PASS /topic/createOrUpdate.do
    dashboard_integration_test.go:65: PASS /topic/list.query
    dashboard_integration_test.go:65: PASS /topic/list.queryTopicType
    dashboard_integration_test.go:65: PASS /topic/route.query
    dashboard_integration_test.go:65: PASS /topic/stats.query
    dashboard_integration_test.go:65: PASS /topic/examineTopicConfig.query
    dashboard_integration_test.go:65: PASS /topic/queryTopicConsumerInfo.query
    dashboard_integration_test.go:65: PASS /topic/queryConsumerByTopic.query
    dashboard_integration_test.go:67: PASS /consumer/createOrUpdate.do
    dashboard_integration_test.go:69: PASS /consumer/examineSubscriptionGroupConfig.query
    dashboard_integration_test.go:69: PASS /consumer/fetchBrokerNameList.query
    dashboard_integration_test.go:69: PASS /consumer/queryTopicByConsumer.query
    dashboard_integration_test.go:69: PASS /consumer/group.query
    dashboard_integration_test.go:69: PASS /consumer/groupList.query
    dashboard_integration_test.go:69: PASS /consumer/group.refresh
    dashboard_integration_test.go:69: PASS /consumer/group.refresh.all
time="2026-09-29T00:06:32+08:00" level=info msg="change the route for clients"
time="2026-09-29T00:06:32+08:00" level=info msg="the topic route info changed" changeTo="{\"OrderTopicConf\":\"\",\"queueDatas\":[{\"brokerName\":\"dbx-dashboard-broker5\",\"readQueueNums\":2,\"writeQueueNums\":2,\"perm\":6,\"topicSynFlag\":0}],\"brokerDatas\":[{\"cluster\":\"DBXDashboardTest5\",\"brokerName\":\"dbx-dashboard-broker5\",\"brokerAddrs\":{\"0\":\"127.0.0.1:62720\"}}]}" changedFrom="<nil>" topic=DBX_DASHBOARD_5_3_3_1790611591263581700
time="2026-09-29T00:06:32+08:00" level=info msg="The RMQClient stopping do rebalance" clientID=198.18.0.1@C6120001B3140000000090380b400001
time="2026-09-29T00:06:32+08:00" level=info msg="will remove client from clientMap" clientID=198.18.0.1@C6120001B3140000000090380b400001
    dashboard_integration_test.go:73: PASS /topic/sendTopicMessage.do
time="2026-09-29T00:06:32+08:00" level=info msg="The RMQClient stopping update topic route info." clientID=198.18.0.1@C6120001B3140000000090380b400001
    dashboard_integration_test.go:107: PASS message paging preserves body and 1-based request / 0-based response
    dashboard_integration_test.go:108: PASS /message/viewMessage.query
    dashboard_integration_test.go:109: PASS /messageTrace/viewMessage.query
    dashboard_integration_test.go:110: PASS /message/queryMessageByTopic.query
    dashboard_integration_test.go:111: PASS /message/queryMessageByTopicAndKey.query
    dashboard_integration_test.go:128: PASS /consumer/resetOffset.do
    dashboard_integration_test.go:143: PASS /consumer/queryTopicByConsumer.query
    dashboard_integration_test.go:144: PASS /consumer/skipAccumulate.do
    dashboard_integration_test.go:145: PASS /monitor/createOrUpdateConsumerMonitor.do
    dashboard_integration_test.go:146: PASS /monitor/consumerMonitorConfigByGroupName.query
    dashboard_integration_test.go:147: PASS /monitor/consumerMonitorConfig.query
    dashboard_integration_test.go:148: PASS /monitor/deleteConsumerMonitor.do
    dashboard_integration_test.go:151: PASS /dashboard/broker.query
    dashboard_integration_test.go:151: PASS /dashboard/topic.query
    dashboard_integration_test.go:151: PASS /dashboard/topicCurrent.query
    dashboard_integration_test.go:151: PASS /proxy/homePage.query
    dashboard_integration_test.go:153: PASS /topic/deleteTopicByBroker.do
    dashboard_integration_test.go:164: PASS every registered mutation denied in read-only mode
    dashboard_integration_test.go:60: PASS /consumer/deleteSubGroup.do
    dashboard_integration_test.go:61: PASS /topic/deleteTopic.do
--- PASS: TestDashboardIntegration (1.49s)
=== RUN   TestDashboardLiveIntegration
    dashboard_live_test.go:52: PASS /topic/createOrUpdate.do
    dashboard_live_test.go:53: PASS /consumer/createOrUpdate.do
    dashboard_live_test.go:57: PASS /topic/createOrUpdate.do
time="2026-09-29T00:06:32+08:00" level=info msg="the consumer start beginning" consumerGroup=G_DBX_LIVE_1790611592717956300 messageModel=Clustering unitMode=false
time="2026-09-29T00:06:32+08:00" level=info msg="change the route for clients"
time="2026-09-29T00:06:32+08:00" level=info msg="the topic route info changed" changeTo="{\"OrderTopicConf\":\"\",\"queueDatas\":[{\"brokerName\":\"dbx-dashboard-broker5\",\"readQueueNums\":1,\"writeQueueNums\":1,\"perm\":6,\"topicSynFlag\":0}],\"brokerDatas\":[{\"cluster\":\"DBXDashboardTest5\",\"brokerName\":\"dbx-dashboard-broker5\",\"brokerAddrs\":{\"0\":\"127.0.0.1:63080\"}}]}" changedFrom="<nil>" topic="%DLQ%G_DBX_LIVE_1790611592717956300"
time="2026-09-29T00:06:32+08:00" level=warning msg="query topic route from server error" underlayError="topic not exist"
time="2026-09-29T00:06:32+08:00" level=warning msg="queryTopicRouteInfoFromServer return nil" topic="%RETRY%G_DBX_LIVE_1790611592717956300"
time="2026-09-29T00:06:32+08:00" level=info msg="change the route for clients"
time="2026-09-29T00:06:32+08:00" level=info msg="the topic route info changed" changeTo="{\"OrderTopicConf\":\"\",\"queueDatas\":[{\"brokerName\":\"dbx-dashboard-broker5\",\"readQueueNums\":1,\"writeQueueNums\":1,\"perm\":6,\"topicSynFlag\":0}],\"brokerDatas\":[{\"cluster\":\"DBXDashboardTest5\",\"brokerName\":\"dbx-dashboard-broker5\",\"brokerAddrs\":{\"0\":\"127.0.0.1:63080\"}}]}" changedFrom="<nil>" topic=DBX_LIVE_1790611592717956300
time="2026-09-29T00:06:32+08:00" level=warning msg="query topic route from server error" underlayError="topic not exist"
time="2026-09-29T00:06:32+08:00" level=warning msg="queryTopicRouteInfoFromServer return nil" topic="%RETRY%G_DBX_LIVE_1790611592717956300"
time="2026-09-29T00:06:32+08:00" level=info msg="delete mq from offset table" MessageQueue="MessageQueue [topic=DBX_LIVE_1790611592717956300, brokerName=dbx-dashboard-broker5, queueId=0]" consumerGroup=G_DBX_LIVE_1790611592717956300
time="2026-09-29T00:06:32+08:00" level=info msg="fetch offset of mq from broker success" MessageQueue="MessageQueue [topic=DBX_LIVE_1790611592717956300, brokerName=dbx-dashboard-broker5, queueId=0]" consumerGroup=G_DBX_LIVE_1790611592717956300 offset=-1
time="2026-09-29T00:06:32+08:00" level=info msg="the MessageQueue changed, version also updated" changeTo=1790611592784503000 changedFrom=1790611592749858800
time="2026-09-29T00:06:32+08:00" level=info msg="The PullThresholdForTopic is changed" changeTo=102400 changedFrom=102400
time="2026-09-29T00:06:32+08:00" level=info msg="The PullThresholdSizeForTopic is changed" changeTo=51200 changedFrom=51200
    dashboard_live_test.go:100: PASS live Go consumer received broker message C6120001B3140000000090380b400005
time="2026-09-29T00:06:32+08:00" level=info msg="MessageQueue do balance done" cidAllSize=1 clientID=198.18.0.1@45844 consumerGroup=G_DBX_LIVE_1790611592717956300 mqAllSize=1 rebalanceResultSet="[MessageQueue [topic=DBX_LIVE_1790611592717956300, brokerName=dbx-dashboard-broker5, queueId=0]]" rebalanceResultSize=1 topic=DBX_LIVE_1790611592717956300
time="2026-09-29T00:06:32+08:00" level=info msg="delete mq from offset table" MessageQueue="MessageQueue [topic=%DLQ%G_DBX_LIVE_1790611592717956300, brokerName=dbx-dashboard-broker5, queueId=0]" consumerGroup=G_DBX_LIVE_1790611592717956300
    dashboard_live_test.go:101: PASS /consumer/consumerConnection.query
time="2026-09-29T00:06:32+08:00" level=info msg="fetch offset of mq from broker success" MessageQueue="MessageQueue [topic=%DLQ%G_DBX_LIVE_1790611592717956300, brokerName=dbx-dashboard-broker5, queueId=0]" consumerGroup=G_DBX_LIVE_1790611592717956300 offset=-1
time="2026-09-29T00:06:32+08:00" level=info msg="the MessageQueue changed, version also updated" changeTo=1790611592799886700 changedFrom=1790611592749858800
time="2026-09-29T00:06:32+08:00" level=info msg="The PullThresholdForTopic is changed" changeTo=51200 changedFrom=102400
time="2026-09-29T00:06:32+08:00" level=info msg="The PullThresholdSizeForTopic is changed" changeTo=25600 changedFrom=51200
time="2026-09-29T00:06:32+08:00" level=info msg="MessageQueue do balance done" cidAllSize=1 clientID=198.18.0.1@45844 consumerGroup=G_DBX_LIVE_1790611592717956300 mqAllSize=1 rebalanceResultSet="[MessageQueue [topic=%DLQ%G_DBX_LIVE_1790611592717956300, brokerName=dbx-dashboard-broker5, queueId=0]]" rebalanceResultSize=1 topic="%DLQ%G_DBX_LIVE_1790611592717956300"
time="2026-09-29T00:06:32+08:00" level=warning msg="do balance in group failed, the topic does not exist" consumerGroup=G_DBX_LIVE_1790611592717956300 topic="%RETRY%G_DBX_LIVE_1790611592717956300"
time="2026-09-29T00:06:32+08:00" level=info msg="receive get consumer running info request..."
    dashboard_live_test.go:103: PASS /consumer/consumerRunningInfo.query
    dashboard_live_test.go:104: PASS /producer/producerConnection.query
time="2026-09-29T00:06:32+08:00" level=info msg="receive consume message directly request..."
    dashboard_live_test.go:105: PASS /message/consumeMessageDirectly.do
    dashboard_live_test.go:133: PASS /dlqMessage/exportDlqMessage.do
time="2026-09-29T00:06:32+08:00" level=info msg="receive consume message directly request..."
    dashboard_live_test.go:142: PASS actual DLQ query, export and consumer resend
    dashboard_live_test.go:147: PASS /consumer/resetOffset.do
    dashboard_live_test.go:152: PASS /topic/createOrUpdate.do
time="2026-09-29T00:06:32+08:00" level=warning msg="the pull request offset illegal" PullRequest="[ConsumerGroup: G_DBX_LIVE_1790611592717956300, Topic: DBX_LIVE_1790611592717956300, MessageQueue: brokerName=dbx-dashboard-broker5, queueId=0, nextOffset=1]" result=
time="2026-09-29T00:06:32+08:00" level=info msg="push consumer quit pullMessage for dropped queue." consumerGroup=G_DBX_LIVE_1790611592717956300
time="2026-09-29T00:06:33+08:00" level=info msg="sending heartbeat, but no producer and no consumer" clientId=198.18.0.1@C6120001B3140000000090380b400001
time="2026-09-29T00:06:33+08:00" level=info msg="The RMQClient stopping clean off line broker and heart beat" clientID=198.18.0.1@C6120001B3140000000090380b400001
    dashboard_live_test.go:184: PASS real producer trace graph contract
time="2026-09-29T00:06:33+08:00" level=info msg="change the route for clients"
time="2026-09-29T00:06:33+08:00" level=info msg="the topic route info changed" changeTo="{\"OrderTopicConf\":\"\",\"queueDatas\":[{\"brokerName\":\"dbx-dashboard-broker5\",\"readQueueNums\":1,\"writeQueueNums\":1,\"perm\":6,\"topicSynFlag\":0}],\"brokerDatas\":[{\"cluster\":\"DBXDashboardTest5\",\"brokerName\":\"dbx-dashboard-broker5\",\"brokerAddrs\":{\"0\":\"127.0.0.1:63080\"}}]}" changedFrom="<nil>" topic=DBX_LIVE_1790611592717956300
time="2026-09-29T00:06:33+08:00" level=info msg="change the route for clients"
time="2026-09-29T00:06:33+08:00" level=info msg="the topic route info changed" changeTo="{\"OrderTopicConf\":\"\",\"queueDatas\":[{\"brokerName\":\"dbx-dashboard-broker5\",\"readQueueNums\":1,\"writeQueueNums\":1,\"perm\":6,\"topicSynFlag\":0}],\"brokerDatas\":[{\"cluster\":\"DBXDashboardTest5\",\"brokerName\":\"dbx-dashboard-broker5\",\"brokerAddrs\":{\"0\":\"127.0.0.1:63080\"}}]}" changedFrom="<nil>" topic=TRACE_DBX_LIVE_1790611592717956300
time="2026-09-29T00:06:33+08:00" level=info msg="The RMQClient stopping do rebalance" clientID=198.18.0.1@C6120001B3140000000090380f28000b
time="2026-09-29T00:06:33+08:00" level=info msg="will remove client from clientMap" clientID=198.18.0.1@C6120001B3140000000090380f28000b
time="2026-09-29T00:06:33+08:00" level=info msg="The RMQClient stopping update topic route info." clientID=198.18.0.1@C6120001B3140000000090380f280009
time="2026-09-29T00:06:33+08:00" level=info msg="The RMQClient stopping do rebalance" clientID=198.18.0.1@C6120001B3140000000090380f280009
time="2026-09-29T00:06:33+08:00" level=info msg="will remove client from clientMap" clientID=198.18.0.1@C6120001B3140000000090380f280009
    dashboard_live_test.go:185: PASS /topic/sendTopicMessage.do
time="2026-09-29T00:06:33+08:00" level=info msg="The RMQClient stopping update topic route info." clientID=198.18.0.1@C6120001B3140000000090380f28000b
    dashboard_live_test.go:186: PASS /messageTrace/viewMessageTraceGraph.query
    dashboard_live_test.go:192: PASS /acl/createUser.do
    dashboard_live_test.go:196: PASS /acl/users.query
    dashboard_live_test.go:197: PASS /acl/updateUser.do
    dashboard_live_test.go:199: PASS /acl/createAcl.do
    dashboard_live_test.go:199: PASS /acl/updateAcl.do
    dashboard_live_test.go:201: PASS /acl/acls.query
    dashboard_live_test.go:202: PASS /acl/deleteAcl.do
    dashboard_live_test.go:194: PASS /acl/deleteUser.do
time="2026-09-29T00:06:33+08:00" level=info msg="push consumer quit pullMessage for dropped queue." consumerGroup=G_DBX_LIVE_1790611592717956300
time="2026-09-29T00:06:33+08:00" level=info msg="push consumer close pullConsumer listener." consumerGroup=G_DBX_LIVE_1790611592717956300
time="2026-09-29T00:06:33+08:00" level=info msg="update offset to broker success" MessageQueue="MessageQueue [topic=DBX_LIVE_1790611592717956300, brokerName=dbx-dashboard-broker5, queueId=0]" consumerGroup=G_DBX_LIVE_1790611592717956300 offset=1
time="2026-09-29T00:06:33+08:00" level=info msg="update offset to broker success" MessageQueue="MessageQueue [topic=%DLQ%G_DBX_LIVE_1790611592717956300, brokerName=dbx-dashboard-broker5, queueId=0]" consumerGroup=G_DBX_LIVE_1790611592717956300 offset=1
time="2026-09-29T00:06:33+08:00" level=info msg="The RMQClient stopping do rebalance" clientID=198.18.0.1@45844
time="2026-09-29T00:06:33+08:00" level=info msg="The RMQClient stopping update topic route info." clientID=198.18.0.1@45844
time="2026-09-29T00:06:33+08:00" level=info msg="will remove client from clientMap" clientID=198.18.0.1@45844
    dashboard_live_test.go:48: PASS /topic/deleteTopic.do
    dashboard_live_test.go:48: PASS /topic/deleteTopic.do
    dashboard_live_test.go:50: PASS /consumer/deleteSubGroup.do
--- PASS: TestDashboardLiveIntegration (0.74s)
=== RUN   TestDashboardRoutingIntegration
=== RUN   TestDashboardRoutingIntegration/VIP=false
    dashboard_network_test.go:121: PASS /cluster/list.query
=== RUN   TestDashboardRoutingIntegration/VIP=true
    dashboard_network_test.go:121: PASS /cluster/list.query
=== NAME  TestDashboardRoutingIntegration
    dashboard_network_test.go:141: PASS NameServer, discovered Broker and VIP connections all traversed SOCKS5
time="2026-09-29T00:06:33+08:00" level=info msg="sending heartbeat, but no producer and no consumer" clientId=198.18.0.1@45844
time="2026-09-29T00:06:33+08:00" level=info msg="The RMQClient stopping clean off line broker and heart beat" clientID=198.18.0.1@45844
time="2026-09-29T00:06:33+08:00" level=info msg="------end trace send 0xc000404f60 0xc000404fc0"
time="2026-09-29T00:06:33+08:00" level=info msg="sending heartbeat, but no producer and no consumer" clientId=198.18.0.1@INNER_TRACE_CLIENT_DEFAULT
time="2026-09-29T00:06:34+08:00" level=info msg="sending heartbeat, but no producer and no consumer" clientId=198.18.0.1@C6120001B3140000000090380f280009
time="2026-09-29T00:06:34+08:00" level=info msg="The RMQClient stopping clean off line broker and heart beat" clientID=198.18.0.1@C6120001B3140000000090380f280009
time="2026-09-29T00:06:34+08:00" level=info msg="sending heartbeat, but no producer and no consumer" clientId=198.18.0.1@C6120001B3140000000090380f28000b
time="2026-09-29T00:06:34+08:00" level=info msg="The RMQClient stopping clean off line broker and heart beat" clientID=198.18.0.1@C6120001B3140000000090380f28000b
    dashboard_network_test.go:150: PASS /cluster/list.query
    dashboard_network_test.go:172: PASS NameServer failover, task isolation and disconnect lifecycle
--- PASS: TestDashboardRoutingIntegration (4.33s)
    --- PASS: TestDashboardRoutingIntegration/VIP=false (0.07s)
    --- PASS: TestDashboardRoutingIntegration/VIP=true (0.07s)
=== RUN   TestDashboardTLSIntegration
    dashboard_network_test.go:188: PASS /cluster/list.query
--- PASS: TestDashboardTLSIntegration (0.31s)
=== RUN   TestDashboardAuthenticationIntegration
=== RUN   TestDashboardAuthenticationIntegration/admin
    dashboard_transport_test.go:92: PASS /cluster/list.query
    dashboard_transport_test.go:94: PASS /topic/createOrUpdate.do
time="2026-09-29T00:06:38+08:00" level=info msg="change the route for clients"
time="2026-09-29T00:06:38+08:00" level=info msg="the topic route info changed" changeTo="{\"OrderTopicConf\":\"\",\"queueDatas\":[{\"brokerName\":\"dbx-dashboard-auth\",\"readQueueNums\":1,\"writeQueueNums\":1,\"perm\":6,\"topicSynFlag\":0}],\"brokerDatas\":[{\"cluster\":\"DBXDashboardAuthTest\",\"brokerName\":\"dbx-dashboard-auth\",\"brokerAddrs\":{\"0\":\"127.0.0.1:61307\"}}]}" changedFrom="<nil>" topic=DBX_AUTH_1790611598085466200
time="2026-09-29T00:06:38+08:00" level=info msg="The RMQClient stopping do rebalance" clientID=198.18.0.1@C6120001B31400000000903822b0000d
time="2026-09-29T00:06:38+08:00" level=info msg="will remove client from clientMap" clientID=198.18.0.1@C6120001B31400000000903822b0000d
    dashboard_transport_test.go:96: PASS /topic/sendTopicMessage.do
time="2026-09-29T00:06:38+08:00" level=info msg="The RMQClient stopping update topic route info." clientID=198.18.0.1@C6120001B31400000000903822b0000d
    dashboard_transport_test.go:97: PASS /topic/deleteTopic.do
=== RUN   TestDashboardAuthenticationIntegration/wrong-secret
=== RUN   TestDashboardAuthenticationIntegration/missing
=== RUN   TestDashboardAuthenticationIntegration/limited
--- PASS: TestDashboardAuthenticationIntegration (0.14s)
    --- PASS: TestDashboardAuthenticationIntegration/admin (0.09s)
    --- PASS: TestDashboardAuthenticationIntegration/wrong-secret (0.01s)
    --- PASS: TestDashboardAuthenticationIntegration/missing (0.01s)
    --- PASS: TestDashboardAuthenticationIntegration/limited (0.03s)
=== RUN   TestDashboardRealPartialFailure
    dashboard_transport_test.go:141: PASS /topic/deleteTopic.do
--- PASS: TestDashboardRealPartialFailure (0.07s)
PASS
ok  	dbx-rocketmq-console	14.008s
